// Jest Snapshot v1, https://goo.gl/fbAQLP

exports[`<FormSignUp /> should render the form 1`] = `
<div>
  <form>
    <div
      class="my-xxs"
    >
      <div
        class="
        flex bg-gray-light rounded-sm px-xs border-2 border-solid border-gray-light
        focus-within:shadow-[0_0_0.5rem] focus-within:shadow-primary"
      >
        <div
          class="order-none
            
            
            flex items-center w-[1.375rem] text-gray [&>svg]:w-full"
        >
          <svg
            class="tabler-icon tabler-icon-user-circle"
            fill="none"
            height="24"
            stroke="currentColor"
            stroke-linecap="round"
            stroke-linejoin="round"
            stroke-width="2"
            viewBox="0 0 24 24"
            width="24"
            xmlns="http://www.w3.org/2000/svg"
          >
            <path
              d="M12 12m-9 0a9 9 0 1 0 18 0a9 9 0 1 0 -18 0"
            />
            <path
              d="M12 10m-3 0a3 3 0 1 0 6 0a3 3 0 1 0 -6 0"
            />
            <path
              d="M6.168 18.849a4 4 0 0 1 3.832 -2.849h4a4 4 0 0 1 3.834 2.855"
            />
          </svg>
        </div>
        <input
          class="pl-xs
          
           text-black font-poppins text-base py-xxs bg-transparent border-0 outline-none w-full"
          name="name"
          placeholder="Name"
          type="name"
          value=""
        />
      </div>
    </div>
    <div
      class="my-xxs"
    >
      <div
        class="
        flex bg-gray-light rounded-sm px-xs border-2 border-solid border-gray-light
        focus-within:shadow-[0_0_0.5rem] focus-within:shadow-primary"
      >
        <div
          class="order-none
            
            
            flex items-center w-[1.375rem] text-gray [&>svg]:w-full"
        >
          <svg
            class="tabler-icon tabler-icon-mail"
            fill="none"
            height="24"
            stroke="currentColor"
            stroke-linecap="round"
            stroke-linejoin="round"
            stroke-width="2"
            viewBox="0 0 24 24"
            width="24"
            xmlns="http://www.w3.org/2000/svg"
          >
            <path
              d="M3 7a2 2 0 0 1 2 -2h14a2 2 0 0 1 2 2v10a2 2 0 0 1 -2 2h-14a2 2 0 0 1 -2 -2v-10z"
            />
            <path
              d="M3 7l9 6l9 -6"
            />
          </svg>
        </div>
        <input
          class="pl-xs
          
           text-black font-poppins text-base py-xxs bg-transparent border-0 outline-none w-full"
          name="email"
          placeholder="Email"
          type="email"
          value=""
        />
      </div>
    </div>
    <div
      class="my-xxs"
    >
      <div
        class="
        flex bg-gray-light rounded-sm px-xs border-2 border-solid border-gray-light
        focus-within:shadow-[0_0_0.5rem] focus-within:shadow-primary"
      >
        <div
          class="order-none
            
            
            flex items-center w-[1.375rem] text-gray [&>svg]:w-full"
        >
          <svg
            class="tabler-icon tabler-icon-lock"
            fill="none"
            height="24"
            stroke="currentColor"
            stroke-linecap="round"
            stroke-linejoin="round"
            stroke-width="2"
            viewBox="0 0 24 24"
            width="24"
            xmlns="http://www.w3.org/2000/svg"
          >
            <path
              d="M5 13a2 2 0 0 1 2 -2h10a2 2 0 0 1 2 2v6a2 2 0 0 1 -2 2h-10a2 2 0 0 1 -2 -2v-6z"
            />
            <path
              d="M11 16a1 1 0 1 0 2 0a1 1 0 0 0 -2 0"
            />
            <path
              d="M8 11v-4a4 4 0 1 1 8 0v4"
            />
          </svg>
        </div>
        <input
          class="pl-xs
          
           text-black font-poppins text-base py-xxs bg-transparent border-0 outline-none w-full"
          name="password"
          placeholder="Password"
          type="password"
          value=""
        />
      </div>
    </div>
    <div
      class="my-xxs"
    >
      <div
        class="
        flex bg-gray-light rounded-sm px-xs border-2 border-solid border-gray-light
        focus-within:shadow-[0_0_0.5rem] focus-within:shadow-primary"
      >
        <div
          class="order-none
            
            
            flex items-center w-[1.375rem] text-gray [&>svg]:w-full"
        >
          <svg
            class="tabler-icon tabler-icon-lock"
            fill="none"
            height="24"
            stroke="currentColor"
            stroke-linecap="round"
            stroke-linejoin="round"
            stroke-width="2"
            viewBox="0 0 24 24"
            width="24"
            xmlns="http://www.w3.org/2000/svg"
          >
            <path
              d="M5 13a2 2 0 0 1 2 -2h10a2 2 0 0 1 2 2v6a2 2 0 0 1 -2 2h-10a2 2 0 0 1 -2 -2v-6z"
            />
            <path
              d="M11 16a1 1 0 1 0 2 0a1 1 0 0 0 -2 0"
            />
            <path
              d="M8 11v-4a4 4 0 1 1 8 0v4"
            />
          </svg>
        </div>
        <input
          class="pl-xs
          
           text-black font-poppins text-base py-xxs bg-transparent border-0 outline-none w-full"
          name="confirm-password"
          placeholder="Confirm password"
          type="password"
          value=""
        />
      </div>
    </div>
    <button
      class="inline-flex items-center justify-center cursor-pointer bg-gradient-to-t from-[#ff5f5f] via-[#f062c0] to-[#f062c0] text-white rounded p-xxs [&>svg]:w-4 h-[3.125rem] text-md px-xl py-xxs w-full hover:bg-gradient-to-t hover:from-[#e35565] hover:via-[#d958a6] hover:to-[#d958a6] mt-md mx-auto mb-xs"
    >
      <span
        class=""
      >
        Sign up now
      </span>
    </button>
    <div
      class="text-sm text-black text-center"
    >
      Already have an account?
       
      <a
        class="text-secondary border-[1px] border-solid border-secondary transition-[color,border,0.1s_ease-in-out] hover:text-secondary-dark hover:border-b-[1px] hover:border-solid hover:border-secondary-dark"
        href="/sign-in"
      >
        Sign in
      </a>
    </div>
  </form>
</div>
`;
