// Jest Snapshot v1, https://goo.gl/fbAQLP

exports[`<FormSignIn /> should render the form 1`] = `
<body>
  <div>
    <div>
      <form>
        <div
          class="my-xxs"
        >
          <div
            class="
        flex bg-gray-light rounded-sm px-xs border-2 border-solid border-gray-light
        focus-within:shadow-[0_0_0.5rem] focus-within:shadow-primary"
          >
            <div
              class="order-none
            
            
            flex items-center w-[1.375rem] text-gray [&>svg]:w-full"
            >
              <svg
                class="tabler-icon tabler-icon-mail"
                fill="none"
                height="24"
                stroke="currentColor"
                stroke-linecap="round"
                stroke-linejoin="round"
                stroke-width="2"
                viewBox="0 0 24 24"
                width="24"
                xmlns="http://www.w3.org/2000/svg"
              >
                <path
                  d="M3 7a2 2 0 0 1 2 -2h14a2 2 0 0 1 2 2v10a2 2 0 0 1 -2 2h-14a2 2 0 0 1 -2 -2v-10z"
                />
                <path
                  d="M3 7l9 6l9 -6"
                />
              </svg>
            </div>
            <input
              class="pl-xs
          
           text-black font-poppins text-base py-xxs bg-transparent border-0 outline-none w-full"
              name="email"
              placeholder="Email"
              type="email"
              value=""
            />
          </div>
        </div>
        <div
          class="my-xxs"
        >
          <div
            class="
        flex bg-gray-light rounded-sm px-xs border-2 border-solid border-gray-light
        focus-within:shadow-[0_0_0.5rem] focus-within:shadow-primary"
          >
            <div
              class="order-none
            
            
            flex items-center w-[1.375rem] text-gray [&>svg]:w-full"
            >
              <svg
                class="tabler-icon tabler-icon-lock"
                fill="none"
                height="24"
                stroke="currentColor"
                stroke-linecap="round"
                stroke-linejoin="round"
                stroke-width="2"
                viewBox="0 0 24 24"
                width="24"
                xmlns="http://www.w3.org/2000/svg"
              >
                <path
                  d="M5 13a2 2 0 0 1 2 -2h10a2 2 0 0 1 2 2v6a2 2 0 0 1 -2 2h-10a2 2 0 0 1 -2 -2v-6z"
                />
                <path
                  d="M11 16a1 1 0 1 0 2 0a1 1 0 0 0 -2 0"
                />
                <path
                  d="M8 11v-4a4 4 0 1 1 8 0v4"
                />
              </svg>
            </div>
            <input
              class="pl-xs
          
           text-black font-poppins text-base py-xxs bg-transparent border-0 outline-none w-full"
              name="password"
              placeholder="Password"
              type="password"
              value=""
            />
          </div>
        </div>
        <a
          class="block text-sm text-black text-right hover:text-gray-dark"
          href="#"
        >
          Forgot your password?
        </a>
        <button
          class="inline-flex items-center justify-center cursor-pointer text-white rounded p-xxs [&>svg]:w-4 h-[3.125rem] text-md px-xl py-xxs w-full bg-gradient-to-t from-[#ff5f5f] via-[#f062c0] to-[#f062c0] hover:bg-gradient-to-t hover:from-[#e35565] hover:via-[#d958a6] hover:to-[#d958a6] mt-md mx-auto mb-xs"
        >
          <span
            class=""
          >
            Sign in now
          </span>
        </button>
        <div
          class="text-sm text-black text-center"
        >
          Don't have an account?
           
          <a
            class="text-secondary border-b border-solid border-secondary transition-[color,border,0.1s_ease-in-out] hover:text-secondary-dark hover:border-b hover:border-solid hover:border-secondary-dark"
            href="/sign-up"
          >
            Create one
          </a>
        </div>
      </form>
    </div>
  </div>
</body>
`;
