// Jest Snapshot v1, https://goo.gl/fbAQLP

exports[`<Main /> should render the heading 1`] = `
<main
  class="bg-gray-900 text-white w-full h-full p-12 text-center flex flex-col items-center justify-center"
>
  <h1>
    React avan√ßado
  </h1>
</main>
`;
